// Jest Snapshot v1, https://goo.gl/fbAQLP

exports[`Pruebas Search Page Debe de mostrarse los valores por defecto 1`] = `
<div>
  <h1>
    Search
  </h1>
  <hr />
  <div
    class="row"
  >
    <div
      class="col-5"
    >
      <h4>
        Búsquedas
      </h4>
      <hr />
      <form
        aria-label="form"
      >
        <input
          autocomplete="off"
          class="form-control"
          name="searchText"
          placeholder="Buscar un Héroe"
          type="text"
          value=""
        />
        <button
          class="btn btn-outline-primary mt-1"
        >
          Buscar
        </button>
      </form>
    </div>
    <div
      class="col-7"
    >
      <h4>
        Resultados
      </h4>
      <hr />
      <div
        aria-label="search_hero"
        class="alert alert-primary text-center animate__animated animate__fadeIn"
      >
        Busca un héroe
      </div>
      <div
        aria-label="search_error"
        class="alert alert-danger animate__animated animate__fadeIn"
        style="display: none;"
      >
        No se ha encontrado resultados de 
        <b />
      </div>
    </div>
  </div>
</div>
`;
